../Core/Src/stm32l0xx_hal_msp.c:65:6:HAL_MspInit	8	static
../Core/Src/stm32l0xx_hal_msp.c:88:6:HAL_I2C_MspInit	48	static
../Core/Src/stm32l0xx_hal_msp.c:125:6:HAL_I2C_MspDeInit	16	static
../Core/Src/stm32l0xx_hal_msp.c:156:6:HAL_TIM_Base_MspInit	16	static
../Core/Src/stm32l0xx_hal_msp.c:183:6:HAL_TIM_MspPostInit	56	static
../Core/Src/stm32l0xx_hal_msp.c:235:6:HAL_TIM_Base_MspDeInit	16	static
../Core/Src/stm32l0xx_hal_msp.c:268:6:HAL_UART_MspInit	48	static
../Core/Src/stm32l0xx_hal_msp.c:312:6:HAL_UART_MspDeInit	16	static
